         w __deregister_frame_info
         w __gnu_Unwind_Find_exidx
         w __register_frame_info
         w __syscall_tls_create
         w __syscall_tls_delete
         w __syscall_tls_get
         w __syscall_tls_set
         w userAppExit
         w userAppInit
00000000 00000802 B __ctru_dev_utf16_buf
00000000 A __sync_synchronize
00000000 b _TLS_MODULE_BASE_
00000000 a shift
00000000 a shift
00000804 00000401 B __ctru_dev_path_buf
00100000 A __start__
00100000 T _start
00100008 T __service_ptr
0010000c T __apt_appid
00100010 T __heap_size
00100014 T __linear_heap_size
00100018 T __system_arglist
0010001c T __system_runflags
00100020 t startup
00100058 t ClearMem
0010006c t ClrLoop
00100094 T _init
001000ac t .udivsi3_skip_div0_test
001000ac T __aeabi_uidiv
001000ac 000001ec T __udivsi3
00100298 00000020 T __aeabi_uidivmod
001002b8 T __aeabi_idiv
001002b8 00000220 T __divsi3
001002c0 t .divsi3_skip_div0_test
001004d8 00000020 T __aeabi_idivmod
001004f8 00000004 W __aeabi_idiv0
001004f8 00000004 W __aeabi_ldiv0
001004fc T __aeabi_ldivmod
001005d0 T __aeabi_uldivmod
0010060c 00000014 T __restore_core_regs
0010060c 00000014 T restore_core_regs
00100620 T __gnu_Unwind_Restore_VFP
00100628 T __gnu_Unwind_Save_VFP
00100630 T __gnu_Unwind_Restore_VFP_D
00100638 T __gnu_Unwind_Save_VFP_D
00100640 T __gnu_Unwind_Restore_VFP_D_16_to_31
00100648 T __gnu_Unwind_Save_VFP_D_16_to_31
00100650 T __gnu_Unwind_Restore_WMMXD
00100694 T __gnu_Unwind_Save_WMMXD
001006d8 T __gnu_Unwind_Restore_WMMXC
001006ec T __gnu_Unwind_Save_WMMXC
00100700 00000024 T ___Unwind_RaiseException
00100700 00000024 T _Unwind_RaiseException
00100724 00000024 T ___Unwind_Resume
00100724 00000024 T _Unwind_Resume
00100748 00000024 T ___Unwind_Resume_or_Rethrow
00100748 00000024 T _Unwind_Resume_or_Rethrow
0010076c 00000024 T ___Unwind_ForcedUnwind
0010076c 00000024 T _Unwind_ForcedUnwind
00100790 00000024 T ___Unwind_Backtrace
00100790 00000024 T _Unwind_Backtrace
001007c8 00000390 T strcmp
00100b50 t __do_global_dtors_aux
00100ba0 t frame_dummy
00100bcc 00000048 t std::default_delete<SafeArchive>::operator()(SafeArchive*) const [clone .part.0]
00100c14 00000028 t SafeFile::write(unsigned long long, void const*, unsigned long, unsigned long*) [clone .isra.0]
00100c3c 00000078 T capitalizeString(char*)
00100cb4 0000020c T initCategory(CategoryInfo&, char const**, int, int, int, unsigned long, int, bool, bool)
00100ec0 00000068 T initServices()
00100f28 00000048 T exitServices()
00100f70 000012f4 T main
00102264 0000002c t _GLOBAL__sub_I_FOOD_NAMES
00102290 00000038 t _GLOBAL__sub_D_FOOD_NAMES
001022c8 00000044 t C2Di_FrameEndHook
0010230c 00000368 T C2D_Init
00102674 0000004c T C2D_Fini
001026c0 000000bc T C2D_Prepare
0010277c 00000048 T C2D_Flush
001027c4 000000fc T C2D_SceneSize
001028c0 00000060 T C2D_CreateScreenTarget
00102920 00000060 T C2D_TargetClear
00102980 00000054 T C2Di_AppendQuad
001029d4 00000040 T C2Di_AppendVtx
00102a14 00000738 T C2Di_Update
0010314c 00000018 t C2Di_GlyphComp
00103164 00000180 t C2Di_CalcLineWidths
001032e4 000001d0 T C2D_TextBufNew
001034b4 00000004 T C2D_TextBufDelete
001034b8 0000000c T C2D_TextBufClear
001034c4 000001c4 T C2D_TextFontParseLine
00103688 000000a4 T C2D_TextFontParse
0010372c 00000010 T C2D_TextParse
0010373c 00000030 T C2D_TextOptimize
0010376c 00000fdc T C2D_DrawText
00104748 00000050 T C2D_FontGlyphIndexFromCodePoint
00104798 00000074 T C2D_FontCalcGlyphPos
0010480c 00000028 T AttrInfo_Init
00104834 00000094 T AttrInfo_AddLoader
001048c8 00000054 T C3D_SetAttrInfo
0010491c 00000080 T C3Di_AttrInfoBind
0010499c 00000004 W C3Di_LightEnvUpdate
001049a0 00000004 W C3Di_LightEnvDirty
001049a4 000000b4 t C3Di_AptEventHook
00104a58 00000004 W C3Di_GasUpdate
00104a5c 000001d0 T C3D_Init
00104c2c 00000098 T C3D_SetViewport
00104cc4 000004e8 T C3Di_UpdateContext
001051ac 000000e0 T C3Di_SplitFrame
0010528c 00000044 T C3D_Fini
001052d0 00000194 T C3D_BindProgram
00105464 00000024 T BufInfo_Init
00105488 00000080 T BufInfo_Add
00105508 0000003c T C3D_SetBufInfo
00105544 00000048 T C3Di_BufInfoBind
0010558c 0000021c T C3D_DrawElements
001057a8 00000040 T C3D_DepthMap
001057e8 0000001c T C3D_CullFace
00105804 00000040 T C3D_StencilTest
00105844 00000024 T C3D_StencilOp
00105868 0000001c T C3D_BlendingColor
00105884 00000024 T C3D_EarlyDepthTest
001058a8 0000002c T C3D_DepthTest
001058d4 0000002c T C3D_AlphaTest
00105900 00000050 T C3D_AlphaBlend
00105950 00000030 T C3D_FragOpMode
00105980 00000044 T C3D_FragOpShadow
001059c4 000001ac T C3Di_EffectBind
00105b70 0000001c T C3D_CalcColorBufSize
00105b8c 0000001c T C3D_CalcDepthBufSize
00105ba8 00000044 T C3D_SetFrameBuf
00105bec 0000016c T C3Di_FrameBufBind
00105d58 000000c8 T C3D_FrameBufClear
00105e20 00000044 T C3D_FrameBufTransfer
00105e64 000000a8 T C3D_ImmSendAttrib
00105f0c 00000070 T C3D_ProcTexInit
00105f7c 00000054 T C3D_ProcTexBind
00105fd0 0000005c T C3D_ProcTexLutBind
0010602c 000000a4 T ProcTexLut_FromArray
001060d0 00000178 T C3Di_ProcTexUpdate
00106248 00000068 T C3Di_ProcTexDirty
001062b0 0000004c t onVBlank0
001062fc 0000004c t onVBlank1
00106348 00000080 t C3Di_RenderTargetDestroy
001063c8 000000f4 t onQueueFinish
001064bc 00000038 T C3Di_RenderQueueEnableVBlank
001064f4 00000030 T C3Di_RenderQueueDisableVBlank
00106524 00000060 T C3Di_RenderQueueInit
00106584 000000b4 T C3Di_RenderQueueExit
00106638 00000034 T C3Di_RenderQueueWaitDone
0010666c 000000e8 T C3D_FrameBegin
00106754 00000048 T C3D_FrameDrawOn
0010679c 00000058 T C3D_FrameSplit
001067f4 000001d0 T C3D_FrameEnd
001069c4 0000001c T C3D_FrameEndHook
001069e0 00000170 T C3D_RenderTargetCreate
00106b50 000000a8 T C3D_RenderTargetSetOutput
00106bf8 00000034 T C3D_GetTexEnv
00106c2c 00000024 T C3Di_TexEnvBind
00106c50 00000044 T C3D_TexBind
00106c94 0000014c T C3Di_SetTex
00106de0 00000290 T C3D_UpdateUniforms
00107070 000000c0 T C3Di_DirtyUniforms
00107130 000000d8 T C3Di_LoadShaderUniforms
00107208 00000028 T C3Di_ClearShaderUniforms
00107230 000000cc T Mtx_Ortho
001072fc 000000cc T Mtx_OrthoTilt
001073c8 00000024 t addrMapNodeComparator(rbtree_node const*, rbtree_node const*)
001073ec 00000004 t addrMapNodeDestructor(rbtree_node*)
001073f0 0000012c T linearMemAlign
0010751c 00000008 T linearAlloc
00107524 0000005c T linearFree
00107580 00000088 T MemPool::CoalesceRight(MemBlock*)
00107608 00000178 T MemPool::Allocate(MemChunk&, unsigned long, int)
00107780 00000118 T MemPool::Deallocate(MemChunk const&)
00107898 00000030 T MemPool::GetFreeSpace()
001078c8 00000024 t addrMapNodeComparator(rbtree_node const*, rbtree_node const*)
001078ec 00000004 t addrMapNodeDestructor(rbtree_node*)
001078f0 00000248 T vramMemAlignAt
00107b38 0000000c T vramAlloc
00107b44 0000000c T vramAllocAt
00107b50 00000094 T vramFree
00107be4 0000009c T fontEnsureMapped
00107c80 00000100 T fontGlyphIndexFromCodePoint
00107d80 00000214 T fontCalcGlyphPos
00107f94 000000cc t gfxPresentFramebuffer
00108060 0000001c T gfxIsWide
0010807c 000000f8 T gfxSetScreenFormat
00108174 00000010 T gfxSetDoubleBuffering
00108184 000000d8 T gfxInit
0010825c 00000010 T gfxInitDefault
0010826c 000000b8 T gfxExit
00108324 000000a0 T gfxGetFramebuffer
001083c4 00000028 T gfxScreenSwapBuffers
001083ec 00000074 T osConvertVirtToPhys
00108460 00000054 T osGetTimeRef
001084b4 000000ec T osGetTime
001085a0 00000034 T __ctru_speedup_config
001085d4 00000008 t romfs_close
001085dc 000000ac t romfs_seek
00108688 00000024 t romfs_dirreset
001086ac 000000c0 t fill_dir
0010876c 000002ac t romfs_dirnext
00108a18 00000074 t romfs_free
00108a8c 000000d0 t searchForFile.constprop.0
00108b5c 000000d4 t searchForDir.constprop.0
00108c30 000001c0 t navigateToDir.constprop.0
00108df0 00000114 t romfs_open
00108f04 0000004c t romfs_chdir
00108f50 00000068 t romfs_diropen
00108fb8 00000178 t romfs_stat
00109130 00000008 t romfs_dirclose
00109138 0000007c t romfs_fstat
001091b4 000000d0 t romfs_read
00109284 00000294 T romfsMountFromFile
00109518 00000098 T romfsMountFromCurrentProcess
001095b0 00000258 T romfsMountSelf
00109808 000000a0 T romfsUnmount
001098a8 0000013c T GPUCMD_Add
001099e4 000000b0 T GPUCMD_Split
00109a94 00000034 T f32tof16
00109ac8 00000034 T f32tof24
00109afc 00000038 T f32tof31
00109b34 00000010 T GX_BindQueue
00109b44 0000007c T GX_ProcessCommandList
00109bc0 00000074 T GX_MemoryFill
00109c34 00000074 T GX_DisplayTransfer
00109ca8 00000064 t gxCmdQueueDoCommands.part.0
00109d0c 000000e4 T gxCmdQueueInterrupt
00109df0 00000068 T gxCmdQueueClear
00109e58 00000108 T gxCmdQueueAdd
00109f60 00000080 T gxCmdQueueRun
00109fe0 00000064 T gxCmdQueueStop
0010a044 000000ac T gxCmdQueueWait
0010a0f0 000001e0 T shaderInstanceInit
0010a2d0 00000018 T shaderInstanceGetUniformLocation
0010a2e8 0000001c T shaderProgramInit
0010a304 00000074 T shaderProgramFree
0010a378 00000094 T shaderProgramSetVsh
0010a40c 000008d0 T shaderProgramConfigure
0010acdc 000001dc t DVLE_GenerateOutmap.part.0
0010aeb8 000001ac T DVLB_ParseFile
0010b064 00000050 T DVLB_Free
0010b0b4 00000074 T DVLE_GetUniformRegister
0010b128 00000090 T acInit
0010b1b8 0000003c T acExit
0010b1f4 000000a8 T amInit
0010b29c 0000003c T amExit
0010b2d8 00000180 t aptConvertScreenForCapture
0010b458 00000008 W aptDspSleep
0010b460 00000004 W aptDspWakeup
0010b464 00000004 W aptDspCancel
0010b468 00000138 T aptSendCommand
0010b5a0 00000044 t aptExitProcess
0010b5e4 00000394 T aptExit
0010b978 000000d8 T aptHandleSleep
0010ba50 00000034 T aptHook
0010ba84 00000030 T aptUnhook
0010bab4 00000084 T APT_SleepIfShellClosed
0010bb38 00000078 T aptSetSleepAllowed
0010bbb0 00000084 T APT_UnlockTransition
0010bc38 00000470 t aptEventHandler
0010c0a8 000000bc T APT_ReceiveParameter
0010c164 000000b0 t aptReceiveParameter.constprop.0
0010c218 00000294 t aptScreenTransfer
0010c4ac 000002d0 t aptWaitForWakeUp.isra.0
0010c77c 000000f4 T aptJumpToHomeMenu
0010c870 00000058 T aptMainLoop
0010c8c8 00000240 T aptInit
0010cb08 0000002c T APT_SetAppCpuTimeLimit
0010cb34 00000038 T APT_GetAppCpuTimeLimit
0010cb6c 00000090 T APT_CheckNew3DS
0010cbfc 00000048 T APT_GetSharedFont
0010cc44 000000a8 T cfguInit
0010ccec 0000003c T cfguExit
0010cd28 00000104 T fsInit
0010ce2c 0000003c T fsExit
0010ce68 00000068 T fsExemptFromSession
0010ced0 00000050 T fsUnexemptFromSession
0010cf20 000000a0 T fsMakePath
0010cfc0 000000cc T FSUSER_OpenFile
0010d08c 000000cc T FSUSER_OpenFileDirectly
0010d158 000000b8 T FSUSER_DeleteFile
0010d210 000000f4 T FSUSER_RenameFile
0010d304 000000b8 T FSUSER_DeleteDirectory
0010d3bc 000000d0 T FSUSER_CreateFile
0010d48c 000000c0 T FSUSER_CreateDirectory
0010d54c 000000f4 T FSUSER_RenameDirectory
0010d640 000000b4 T FSUSER_OpenDirectory
0010d6f4 00000090 T FSUSER_OpenArchive
0010d784 000000c0 T FSUSER_ControlArchive
0010d844 0000008c T FSUSER_CloseArchive
0010d8d0 00000074 T FSUSER_GetSdmcArchiveResource
0010d944 00000064 T FSUSER_IsSdmcWritable
0010d9a8 00000064 T FSFILE_Read
0010da0c 0000006c T FSFILE_Write
0010da78 00000044 T FSFILE_GetSize
0010dabc 00000028 T FSFILE_SetSize
0010dae4 0000003c T FSFILE_Close
0010db20 00000024 T FSFILE_Flush
0010db44 00000060 T FSDIR_Read
0010dba4 0000003c T FSDIR_Close
0010dbe0 00000c70 t gspHardwareInit
0010e850 00000288 T gspInit
0010ead8 00000104 T gspExit
0010ebdc 00000010 T gspHasGpuRight
0010ebec 000000a4 T gspPresentBuffer
0010ec90 00000030 T gspSetEventCallback
0010ecc0 00000050 T gspWaitForEvent
0010ed10 0000004c T gspWaitForAnyEvent
0010ed5c 00000154 t gspEventThreadMain
0010eeb0 0000012c T gspSubmitGxCommand
0010efdc 00000050 T GSPGPU_FlushDataCache
0010f02c 00000034 T GSPGPU_SetLcdForceBlack
0010f060 00000084 T GSPGPU_AcquireRight
0010f0e4 00000064 T GSPGPU_ReleaseRight
0010f148 0000007c T GSPGPU_ImportDisplayCaptureInfo
0010f1c4 0000002c T GSPGPU_SaveVramSysArea
0010f1f0 0000002c T GSPGPU_RestoreVramSysArea
0010f21c 00000024 W hidShouldUseIrrst
0010f240 000001cc T hidInit
0010f40c 000000e8 T hidExit
0010f4f4 000002a0 T hidScanInput
0010f794 00000010 T hidKeysDown
0010f7a4 000001a4 T irrstInit
0010f948 000000dc T irrstExit
0010fa24 000000b4 T irrstScanInput
0010fad8 00000024 T irrstKeysHeld
0010fafc 00000078 T ptmSysmInit
0010fb74 0000003c T ptmSysmExit
0010fbb0 00000034 T PTMSYSM_ConfigureNew3DSCPU
0010fbe4 00000074 T rbtree_find
0010fc58 00000010 T rbtree_init
0010fc68 00000198 t do_insert
0010fe00 00000008 T rbtree_insert
0010fe08 00000310 T rbtree_remove
00110118 00000090 T rbtree_rotate
001101a8 00000140 T decode_utf8
001102e8 000000e8 T utf16_to_utf8
001103d0 000000c0 T utf8_to_utf16
00110490 000001e8 W __system_allocateHeaps
00110678 00000038 W __libctru_init
001106b0 0000016c W __system_initArgv
0011081c 00000030 T __syscall_getreent
0011084c 00000064 T __syscall_gettod_r
001108b0 00000004 T __syscall_lock_acquire
001108b4 00000004 T __syscall_lock_release
001108b8 00000004 T __syscall_lock_acquire_recursive
001108bc 00000004 T __syscall_lock_release_recursive
001108c0 00000004 T __syscall_exit
001108c4 00000054 T initThreadVars
00110918 00000080 T __system_initSyscalls
00110998 T svcControlMemory
001109b8 T svcQueryMemory
001109e8 T svcExitProcess
001109f0 T svcCreateThread
00110a10 T svcExitThread
00110a18 T svcSleepThread
00110a20 T svcReleaseMutex
00110a28 T svcCreateEvent
00110a3c T svcSignalEvent
00110a44 T svcClearEvent
00110a4c T svcMapMemoryBlock
00110a54 T svcUnmapMemoryBlock
00110a5c T svcCreateAddressArbiter
00110a70 T svcArbitrateAddressNoTimeout
00110a78 T svcCloseHandle
00110a80 T svcWaitSynchronization
00110a88 T svcWaitSynchronizationN
00110ab0 T svcDuplicateHandle
00110ac4 T svcGetSystemTick
00110acc T svcConnectToPort
00110ae0 T svcSendSyncRequest
00110ae8 T svcGetResourceLimit
00110afc T svcGetResourceLimitLimitValues
00110b04 T svcGetResourceLimitCurrentValues
00110b0c T svcBreak
00110b14 T __aeabi_read_tp
00110b20 W initSystem
00110b70 W __ctru_exit
00110b84 0000008c W envGetHandle
00110c10 00000050 W envDestroyHandles
00110c60 00000164 T srvInit
00110dc4 00000064 T srvExit
00110e28 00000060 T srvEnableNotification
00110e88 000000a0 T srvGetServiceHandleDirect
00110f28 00000048 T srvGetServiceHandle
00110f70 00000034 T srvSubscribe
00110fa4 00000060 T srvReceiveNotification
00111004 00000038 T srvPublishToSubscriber
0011103c 0000000c T __sync_init
00111048 00000018 T __sync_fini
00111060 00000028 T syncArbitrateAddress
00111088 000000ac T LightLock_Lock
00111134 00000040 T LightLock_Unlock
00111174 00000054 T RecursiveLock_Lock
001111c8 00000054 T RecursiveLock_Unlock
0011121c 00000044 T LightEvent_Init
00111260 000000b8 T LightEvent_Clear
00111318 000000dc T LightEvent_Signal
001113f4 00000050 T LightEvent_TryWait
00111444 000000ac T LightEvent_Wait
001114f0 000001fc T threadCreate
001116ec 00000038 T threadFree
00111724 00000024 T threadJoin
00111748 00000030 T threadGetCurrent
00111778 00000040 T threadExit
001117b8 00000020 t _thread_begin
001117d8 00000090 t mappableFindAddressWithin
00111868 00000028 T mappableInit
00111890 0000007c T mappableAlloc
0011190c 00000004 T mappableFree
00111910 0000000c T srvPmGetSessionHandle
0011191c 00000060 T rbtree_node_next
0011197c 00000054 T decode_utf16
001119d0 00000054 T encode_utf16
00111a24 000000e0 T encode_utf8
00111b04 00000030 W __appExit
00111b34 00000030 W __appInit
00111b64 00000090 W __libctru_exit
00111bf4 00000024 t error_cmp
00111c18 00000050 t archive_translate_error
00111c68 000000c0 t archive_seek
00111d28 00000078 t _archiveInit.part.0
00111da0 00000110 t archiveFindDevice.part.0
00111eb0 00000298 t archive_utf16path
00112148 00000098 t _archiveUnmountDeviceStruct.part.0
001121e0 00000178 t _archiveMountDevice
00112358 000000f8 t archive_diropen
00112450 000000ac t archive_fstat
001124fc 00000074 t archive_fsync
00112570 00000074 t archive_close
001125e4 00000078 t archive_dirclose
0011265c 000000ec t sdmc_statvfs
00112748 000000f8 t archive_chdir
00112840 0000008c t archive_ftruncate
001128cc 000000bc t archive_read
00112988 000000a8 t archive_unlink
00112a30 000000c0 t archive_rmdir
00112af0 000000d8 t archive_mkdir
00112bc8 000001a0 t archive_stat
00112d68 00000164 t archive_dirnext
00112ecc 0000013c t archive_write
00113008 00000254 t archive_open
0011325c 00000270 t archive_rename
001134cc 000001c8 T archiveMountSdmc
00113694 00000054 T archiveUnmountAll
001136e8 00000004 T operator delete(void*, unsigned int)
001136ec 0000005c T operator new(unsigned int)
00113748 00000040 T std::__throw_logic_error(char const*)
00113788 00000040 T std::__throw_length_error(char const*)
001137c8 0000000c T std::bad_alloc::what() const
001137d4 00000020 T std::bad_alloc::~bad_alloc()
001137d4 00000020 T std::bad_alloc::~bad_alloc()
001137f4 0000002c T std::bad_alloc::~bad_alloc()
00113820 00000004 T operator delete(void*)
00113824 0000000c W __gnu_cxx::__concurrence_lock_error::what() const
00113830 0000000c W __gnu_cxx::__concurrence_unlock_error::what() const
0011383c 00000020 W __gnu_cxx::__concurrence_lock_error::~__concurrence_lock_error()
0011383c 00000020 W __gnu_cxx::__concurrence_lock_error::~__concurrence_lock_error()
0011385c 0000002c W __gnu_cxx::__concurrence_lock_error::~__concurrence_lock_error()
00113888 00000020 W __gnu_cxx::__concurrence_unlock_error::~__concurrence_unlock_error()
00113888 00000020 W __gnu_cxx::__concurrence_unlock_error::~__concurrence_unlock_error()
001138a8 0000002c W __gnu_cxx::__concurrence_unlock_error::~__concurrence_unlock_error()
001138d4 0000002c W __gnu_cxx::__throw_concurrence_lock_error()
00113900 0000002c W __gnu_cxx::__throw_concurrence_unlock_error()
0011392c 00000100 t (anonymous namespace)::pool::free(void*) [clone .constprop.0]
00113a2c 000000c0 t (anonymous namespace)::pool::allocate(unsigned int) [clone .constprop.0]
00113aec 00000044 T __cxa_allocate_exception
00113b30 00000028 T __cxa_free_exception
00113b58 000001a4 t _GLOBAL__sub_I__ZN9__gnu_cxx9__freeresEv
00113cfc 00000018 t _GLOBAL__sub_D__ZN9__gnu_cxx9__freeresEv
00113d14 T __cxa_end_cleanup
00113d24 00000138 T __cxa_type_match
00113e5c 000000b4 T __cxa_begin_cleanup
00113f10 000000b4 T __gnu_end_cleanup
00113fc4 00000004 T std::exception::~exception()
00113fc4 00000004 T std::exception::~exception()
00113fc8 00000004 T std::bad_exception::~bad_exception()
00113fc8 00000004 T std::bad_exception::~bad_exception()
00113fcc 0000000c T transaction clone for std::bad_exception::what() const
00113fcc 0000000c T std::bad_exception::what() const
00113fd8 00000020 T std::bad_exception::~bad_exception()
00113ff8 00000038 t eh_globals_dtor(void*)
00114030 00000038 T __cxa_get_globals_fast
00114068 00000090 T __cxa_get_globals
001140f8 00000030 t _GLOBAL__sub_I__ZN17__eh_globals_init7_S_initE
00114128 00000034 t _GLOBAL__sub_D__ZN17__eh_globals_init7_S_initE
0011415c 00000150 t read_encoded_value_with_base(unsigned char, unsigned int, unsigned char const*, unsigned int*)
001142ac 0000005c t base_of_encoded_value(unsigned char, _Unwind_Context*)
00114308 000000f0 t parse_lsda_header(_Unwind_Context*, unsigned char const*, lsda_header_info*)
001143f8 000006c8 T __gxx_personality_v0
00114ac0 00000014 T __cxxabiv1::__terminate(void (*)())
00114ad4 00000018 T std::terminate()
00114aec 0000000c T __cxxabiv1::__unexpected(void (*)())
00114af8 00000018 T std::unexpected()
00114b10 00000014 T std::get_terminate()
00114b24 00000014 T std::get_unexpected()
00114b38 00000070 t __gxx_exception_cleanup(_Unwind_Reason_Code, _Unwind_Control_Block*)
00114ba8 00000054 T __cxa_init_primary_exception
00114bfc 00000054 T __cxa_throw
00114c50 000000b0 T __cxa_rethrow
00114d00 00000014 T std::get_new_handler()
00114d14 00000020 T __cxxabiv1::__si_class_type_info::~__si_class_type_info()
00114d14 00000020 T __cxxabiv1::__si_class_type_info::~__si_class_type_info()
00114d34 0000002c T __cxxabiv1::__si_class_type_info::~__si_class_type_info()
00114d60 0000006c T __cxxabiv1::__si_class_type_info::__do_find_public_src(int, void const*, __cxxabiv1::__class_type_info const*, void const*) const
00114dcc 000000e4 T __cxxabiv1::__si_class_type_info::__do_dyncast(int, __cxxabiv1::__class_type_info::__sub_kind, __cxxabiv1::__class_type_info const*, void const*, __cxxabiv1::__class_type_info const*, void const*, __cxxabiv1::__class_type_info::__dyncast_result&) const
00114eb0 00000044 T __cxxabiv1::__si_class_type_info::__do_upcast(__cxxabiv1::__class_type_info const*, void const*, __cxxabiv1::__class_type_info::__upcast_result&) const
00114ef4 00000004 T std::type_info::~type_info()
00114ef4 00000004 T std::type_info::~type_info()
00114ef8 00000008 T std::type_info::__is_pointer_p() const
00114ef8 00000008 T std::type_info::__is_function_p() const
00114f00 0000004c T std::type_info::__equal(std::type_info const&) const
00114f00 0000004c T std::type_info::operator==(std::type_info const&) const
00114f4c 00000008 T std::logic_error::what() const
00114f4c 00000008 T std::runtime_error::what() const
00114f54 00000078 T std::logic_error::~logic_error()
00114f54 00000078 T std::logic_error::~logic_error()
00114fcc 00000078 T std::length_error::~length_error()
00114fcc 00000078 T std::length_error::~length_error()
00115044 00000080 T std::logic_error::~logic_error()
001150c4 00000080 T std::length_error::~length_error()
00115144 000000d8 T std::logic_error::logic_error(char const*)
00115144 000000d8 T std::logic_error::logic_error(char const*)
0011521c 00000020 T std::length_error::length_error(char const*)
0011521c 00000020 T std::length_error::length_error(char const*)
0011523c 00000088 W std::string::_Rep::_S_create(unsigned int, unsigned int, std::allocator<char> const&)
001152c4 00000004 W std::string::_Rep::_M_destroy(std::allocator<char> const&)
001152c8 0000005c T __cxxabiv1::__class_type_info::__do_upcast(__cxxabiv1::__class_type_info const*, void**) const
00115324 00000014 T __cxxabiv1::__class_type_info::__do_find_public_src(int, void const*, __cxxabiv1::__class_type_info const*, void const*) const
00115338 00000020 T __cxxabiv1::__class_type_info::~__class_type_info()
00115338 00000020 T __cxxabiv1::__class_type_info::~__class_type_info()
00115358 0000002c T __cxxabiv1::__class_type_info::~__class_type_info()
00115384 00000084 T __cxxabiv1::__class_type_info::__do_dyncast(int, __cxxabiv1::__class_type_info::__sub_kind, __cxxabiv1::__class_type_info const*, void const*, __cxxabiv1::__class_type_info const*, void const*, __cxxabiv1::__class_type_info::__dyncast_result&) const
00115408 00000038 T __cxxabiv1::__class_type_info::__do_upcast(__cxxabiv1::__class_type_info const*, void const*, __cxxabiv1::__class_type_info::__upcast_result&) const
00115440 00000044 T __cxxabiv1::__class_type_info::__do_catch(std::type_info const*, void**, unsigned int) const
00115484 00000070 t __cxxabiv1::__is_gxx_exception_class(char*)
001154f4 0000002c T __cxa_call_terminate
00115520 00000148 T __cxa_call_unexpected
00115668 000000e0 T __cxa_begin_catch
00115748 000000e0 T __cxa_end_catch
00115828 000000c0 T ceilf
001158e8 00000130 T __udivmoddi4
00115a18 00000018 t selfrel_offset31
00115a30 00000090 t search_EIT_table
00115ac0 00000040 t __gnu_unwind_get_pr_addr
00115b00 00000110 t get_eit_entry
00115c10 00000088 t restore_non_core_regs
00115c98 00000014 t _Unwind_decode_typeinfo_ptr.constprop.0
00115cac 00000004 t _Unwind_DebugHook
00115cb0 00000064 t unwind_phase2
00115d14 0000013c t unwind_phase2_forced
00115e50 000000a4 T __gnu_Unwind_RaiseException
00115ef4 00000020 T __gnu_Unwind_ForcedUnwind
00115f14 00000074 T __gnu_Unwind_Resume
00115f88 00000020 T __gnu_Unwind_Resume_or_Rethrow
00115fa8 00000004 T _Unwind_Complete
00115fac 00000018 T _Unwind_DeleteException
00115fc4 00000064 T _Unwind_VRS_Get
00116028 0000002c t _Unwind_GetGR
00116054 00000064 T _Unwind_VRS_Set
001160b8 0000002c t _Unwind_SetGR
001160e4 000000c0 T __gnu_Unwind_Backtrace
001161a4 0000040c t __gnu_unwind_pr_common
001165b0 00000008 T __aeabi_unwind_cpp_pr0
001165b8 00000008 W __aeabi_unwind_cpp_pr1
001165c0 00000008 W __aeabi_unwind_cpp_pr2
001165c8 00000458 T _Unwind_VRS_Pop
00116a20 00000064 t next_unwind_byte
00116a84 0000002c t _Unwind_GetGR.constprop.0
00116ab0 00000004 t unwind_UCB_from_context
00116ab4 00000464 T __gnu_unwind_execute
00116f18 00000048 T __gnu_unwind_frame
00116f60 00000010 T _Unwind_GetRegionStart
00116f70 0000001c T _Unwind_GetLanguageSpecificData
00116f8c 00000008 T _Unwind_GetDataRelBase
00116f94 00000008 T _Unwind_GetTextRelBase
00116f9c 000000e4 T strncat
00117080 00000024 T getenv
001170a4 00000130 t critical_factorization
001171d4 0000033c t two_way_long_needle
00117510 00000238 T strstr
00117748 00000128 T memcpy
00117870 0000008c T strlen
001178fc 00000078 T bsearch
00117974 00000028 T memalign
0011799c 000000a0 T snprintf
00117a3c 000001ec t _strtoul_l.isra.0
00117c28 0000003c T strtoul
00117c64 00000140 T strchr
00117da4 00000018 T isspace
00117dbc 000000d8 T memcmp
00117e94 00000028 T calloc
00117ebc 00000018 T isalpha
00117ed4 0000016c T _memalign_r
00118040 0000000c T __errno
0011804c 00000014 T abort
00118060 00000164 T __smakebuf_r
001181c4 000000f0 T strcpy
001182b4 000000e4 T memset
00118398 000000d8 T _calloc_r
00118470 0000022c T __sflush_r
0011869c 000000c4 T _fflush_r
00118760 000008e8 T qsort
00119048 0000082c T _malloc_r
00119874 00000114 T _malloc_trim_r
00119988 00000314 T _free_r
00119c9c 0000001c t stdio_exit_handler
00119cb8 0000005c t cleanup_stdio
00119d14 00000154 t global_stdio_init.part.0
00119e68 0000005c T __sinit
00119ec4 0000000c T __sfp_lock_acquire
00119ed0 0000000c T __sfp_lock_release
00119edc 00000084 T __libc_init_array
00119f60 000000d4 T strncpy
0011a034 0000001c T toupper
0011a050 00000040 T malloc
0011a090 00000020 T free
0011a0b0 000000e8 T memchr
0011a198 000000dc T _findenv_r
0011a274 00000044 T __sread
0011a2b8 00000068 T __swrite
0011a320 00000040 T __sseek
0011a360 00000008 T __sclose
0011a368 000001a8 T memmove
0011a510 000004f0 T _realloc_r
0011aa00 0000000c T __malloc_lock
0011aa0c 0000000c T __malloc_unlock
0011aa18 00000148 T _fclose_r
0011ab60 00000048 T time
0011aba8 00000004 W __call_exitprocs
0011abac 00000030 T exit
0011abdc 000005e0 t get_arg
0011b1c0 0000345c T _svfprintf_r
0011e61c 0000003c T __libc_fini_array
0011e658 0000003c T strnlen
0011e694 000000d8 T strncmp
0011e770 00000088 T frexp
0011e7f8 0000000c T __env_lock
0011e804 0000000c T __env_unlock
0011e810 00000070 T _fwalk_sglue
0011e880 000000a0 T _wcrtomb_r
0011e920 000000a4 T __ssprint_r
0011e9c4 0000009c T _raise_r
0011ea60 00000020 T raise
0011ea80 00000024 T __locale_mb_cur_max
0011eaa4 000001c0 t quorem
0011ec68 00001420 T _dtoa_r
00120088 00000028 T _wcsrtombs_r
001200b0 00000024 T _localeconv_r
001200d4 0000012c T __ssputs_r
00120200 000000f8 T __utf8_wctomb
001202f8 0000015c T _wcsnrtombs_l
00120454 00000064 T _wcsnrtombs_r
001204b8 0000005c T __assert_func
00120514 00000088 T _Balloc
0012059c 0000001c T _Bfree
001205b8 000000f4 T __multadd
001206ac 00000080 T __hi0bits
0012072c 000000f0 T __lo0bits
0012081c 000000a4 T __i2b
001208c0 00000230 T __multiply
00120af0 00000130 T __pow5mult
00120c20 00000138 T __lshift
00120d58 00000058 T __mcmp
00120db0 00000218 T __mdiff
00120fc8 00000120 T __d2b
001210e8 00000340 T __utf8_mbtowc
00121428 0000003c T fiprintf
00121464 000005e0 t get_arg
00121a44 000022f8 T _vfiprintf_r
00123d3c 000000b4 t __sbprintf
00123df0 00000030 T __sprint_r
00123e20 00000140 T __swsetup_r
00123f60 000004a4 T __sfvwrite_r
00124404 00000020 T _exit
00124424 00000140 T chdir
00124564 000001c8 T _concatenate_path
0012472c 0000009c T _fstat_r
001247c8 00000014 T _getpid_r
001247dc 0000002c T __getreent
00124808 00000030 T _gettimeofday_r
00124838 00000058 T __get_handle
00124890 00000110 T _close_r
001249a0 00000008 t null_write
001249a8 00000018 T setDefaultDevice
001249c0 00000098 T FindDevice
00124a58 00000024 T RemoveDevice
00124a7c 00000088 T AddDevice
00124b04 00000020 T GetDeviceOpTab
00124b24 00000008 T _isatty_r
00124b2c 00000014 T _kill_r
00124b40 00000094 T _lseek_r
00124bd4 00000060 T pthread_mutex_lock
00124c34 00000060 T pthread_mutex_unlock
00124c94 00000034 T pthread_key_create
00124cc8 00000024 T pthread_setspecific
00124cec 00000024 T pthread_getspecific
00124d10 00000024 T pthread_key_delete
00124d34 00000094 T _read_r
00124dc8 00000078 W _sbrk_r
00124e40 0000001c T __libc_lock_acquire
00124e5c 0000001c T __libc_lock_release
00124e78 0000001c T __libc_lock_acquire_recursive
00124e94 0000001c T __libc_lock_release_recursive
00124eb0 00000094 T _write_r
00124f44 00000048 T strrchr
00124f8c T _fini
00125000 00000014 r CSWTCH.60
00125014 00000018 r CSWTCH.62
0012fe6c r .LC2
00138a5c R render2d_shbin
00138be8 00000004 r depthFmtSizes
00138be8 R render2d_shbin_end
00138bec 00000005 r colorFmtSizes
00138bf4 00000010 r CSWTCH.11
00138c04 00000080 r romFS_devoptab
00138cac 00000008 r morton_y.2
00138cb4 00000008 r morton_x.3
00138cbc 00000008 r s_sleepWakeEvents.4
00138cc4 0000000c r serviceNameTable.5
00138cd0 00000030 r error_table
00138d00 00000080 r archive_devoptab
00138d80 0000000d R typeinfo name for std::bad_alloc
00138d90 0000000c R typeinfo for std::bad_alloc
00138d9c 00000014 R vtable for std::bad_alloc
00138db0 00000027 V typeinfo name for __gnu_cxx::__concurrence_lock_error
00138dd8 0000000c V typeinfo for __gnu_cxx::__concurrence_lock_error
00138de4 00000029 V typeinfo name for __gnu_cxx::__concurrence_unlock_error
00138e10 0000000c V typeinfo for __gnu_cxx::__concurrence_unlock_error
00138e1c 00000014 V vtable for __gnu_cxx::__concurrence_lock_error
00138e30 00000014 V vtable for __gnu_cxx::__concurrence_unlock_error
00138e44 0000000d R typeinfo name for std::exception
00138e54 00000008 R typeinfo for std::exception
00138e5c 00000012 R typeinfo name for std::bad_exception
00138e70 0000000c R typeinfo for std::bad_exception
00138e7c 00000020 R typeinfo name for __cxxabiv1::__forced_unwind
00138e9c 00000008 R typeinfo for __cxxabiv1::__forced_unwind
00138ea4 00000024 R typeinfo name for __cxxabiv1::__foreign_exception
00138ec8 00000008 R typeinfo for __cxxabiv1::__foreign_exception
00138ed0 00000014 R vtable for std::bad_exception
00138ef8 00000025 R typeinfo name for __cxxabiv1::__si_class_type_info
00138f20 0000000c R typeinfo for __cxxabiv1::__si_class_type_info
00138f2c 0000002c R vtable for __cxxabiv1::__si_class_type_info
00138f58 0000000d R typeinfo name for std::type_info
00138f68 00000008 R typeinfo for std::type_info
00138f70 00000010 R typeinfo name for std::logic_error
00138f80 0000000c R typeinfo for std::logic_error
00138f8c 00000011 R typeinfo name for std::length_error
00138fa0 0000000c R typeinfo for std::length_error
00138fac 00000014 R vtable for std::logic_error
00138fc0 00000014 R vtable for std::length_error
00138fd4 00000022 R typeinfo name for __cxxabiv1::__class_type_info
00138ff8 0000000c R typeinfo for __cxxabiv1::__class_type_info
00139004 0000002c R vtable for __cxxabiv1::__class_type_info
00139170 00000010 r zeroes.0
00139180 00000010 r blanks.1
00139190 00000101 R _ctype_
00139294 0000006c R __action_table
00139300 0000006c R __state_table
0013936c 00000100 R __chclass
00139474 0000000c r p05.0
00139480 00000028 R __mprec_bigtens
001394a8 000000c8 R __mprec_tens
0013965c 00000010 r zeroes.0
0013966c 00000010 r blanks.1
0013967c 00000080 R dotab_stdnull
001396fc R __tdata_align
00139700 r __EH_FRAME_BEGIN__
001397ec R __exidx_start
001399cc R __exidx_end
0013a000 0000039c D FOOD_NAMES
0013a39c 00000004 D selectedColor
0013a3a0 00006c50 D CLOTHES_NAMES
00140ff0 00000008 d framerateCounter
00140ff8 00000004 d framerate
00140ffc 00000004 d queueLock
00141000 00000004 d aptChainloadDeliverArgSize
00141004 00000004 d kCount
00141008 00000004 d kInterval
0014100c 00000004 d kDelay
00141010 W __stacksize__
00141014 00000004 D __cxxabiv1::__unexpected_handler
00141018 00000004 D __cxxabiv1::__terminate_handler
0014101c 00000004 D _impure_ptr
00141020 00000200 D _impure_data
00141220 00000004 D __malloc_sbrk_base
00141224 00000004 D __malloc_trim_threshold
00141228 00000408 D __malloc_av_
00141630 0000000c D __sglue
0014163c 00000004 D environ
00141640 00000254 D __global_locale
00141894 00000400 d _current_working_directory
00141c98 00001000 d handles
00142c98 0000000c d __stderr_handle
00142ca4 0000000c d __stdout_handle
00142cb0 0000000c d __stdin_handle
00142cbc 0000008c D devoptab_list
00142d48 00000004 d defaultDevice
00142d54 d _GLOBAL_OFFSET_TABLE_
00142d60 d __frame_dummy_init_array_entry
00142d60 D __init_array_start
00142d60 B __preinit_array_end
00142d60 B __preinit_array_start
00142d60 D __tdata_lma
00142d60 D __tdata_lma_end
00142d70 d __do_global_dtors_aux_fini_array_entry
00142d70 D __fini_array_start
00142d70 D __init_array_end
00142d80 D __bss_start__
00142d80 D __fini_array_end
00142d80 000000d8 B categories
00142e58 00000004 B old_time_limit
00142e5c 00000004 B savedItemCursor
00142e60 000005a8 B __C2Di_Context
00143408 00000040 b s_projTop
00143448 00000040 b s_projBot
00143488 00000004 b uLoc_mdlvMtx
0014348c 00000004 b uLoc_projMtx
00143490 00000004 b s_glyphSheets
00143494 00000004 b s_textScale
00143498 b completed.1
0014349c b object.0
001434b4 0000000c b hookCookie
001434c0 000002d0 B __C3D_Context
00143790 00000004 b frameEndCbData
00143794 00000004 b frameEndCb
00143798 00000008 b frameCounter
001437a0 00000001 b isTopStereo
001437a1 00000001 b needSwapBot
001437a2 00000001 b needSwapTop
001437a3 00000001 b measureGpuTime
001437a4 00000001 b inSafeTransfer
001437a5 00000001 b inFrame
001437a8 00000010 b cpuTime
001437b8 00000010 b gpuTime
001437c8 0000000c b linkedTarget
001437d4 00000004 b lastTarget
001437d8 00000004 b firstTarget
001437dc 00000008 b C3Di_IVUnifEverDirty
001437e4 000000c0 b C3Di_FVUnifEverDirty
001438a4 00000018 b C3Di_ShaderFVecData
001438bc 00000002 B C3D_BoolUnifsDirty
001438c0 00000008 B C3D_IVUnifDirty
001438c8 000000c0 B C3D_FVUnifDirty
00143988 00000004 B C3D_BoolUnifs
0014398c 00000020 B C3D_IVUnif
001439ac 00000c00 B C3D_FVUnif
001445b0 00000008 b sLinearPool
001445b8 0000000c b sAddrMap
001445c8 00000008 b sVramPoolB
001445d0 00000008 b sVramPoolA
001445d8 0000000c b sAddrMap
001445e4 00000004 b sharedFontAddr
001445e8 00000004 B g_sharedFont
001445ec 00000004 b screenAlloc
001445f0 00000004 b screenFree
001445f4 00000002 b gfxIsDoubleBuf
001445f8 00000002 b gfxCurBuf
001445fa 00000001 b gfxIsVram
001445fb 00000001 b gfxTopMode
001445fc 00000002 b gfxFramebufferFormats
00144600 00000004 b gfxBottomFramebufferMaxSize
00144604 00000004 b gfxTopFramebufferMaxSize
00144608 00000008 b gfxBottomFramebuffers
00144610 00000008 b gfxTopFramebuffers
00144618 00000001 V __ctru_speedup
0014461c 00000004 b romfs_mount_list
00144620 00000004 V __romfs_path
00144624 00000004 B gpuCmdBufOffset
00144628 00000004 B gpuCmdBufSize
0014462c 00000004 B gpuCmdBuf
00144630 00000004 b boundQueue
00144634 00000001 b shouldStop
00144635 00000001 b isRunning
00144636 00000001 b isActive
00144638 00000004 b curQueue
0014463c 00000004 b acRefCount
00144640 00000004 b acHandle
00144644 00000004 b amRefCount
00144648 00000004 b amHandle
0014464c 00000001 b flagValue.0
0014464d 00000001 b flagInit.1
00144650 00000004 b serviceName.6
00144654 00000001 b aptChainloadFlags
00144655 00000001 b aptChainloadMediatype
00144658 00000020 b aptChainloadHmac
00144678 00000300 b aptChainloadDeliverArg
00144978 00000008 b aptChainloadTid
00144980 00001000 b aptParameters
00145980 00000004 b aptFlags
00145984 00000001 b aptHomeButtonState
00145988 00000004 b aptMessageFuncData
0014598c 00000004 b aptMessageFunc
00145990 0000000c b aptFirstHook
0014599c 00000001 b aptEventHandlerThreadQuit
001459a0 00000004 b aptEventHandlerThread
001459a4 00000008 b aptSleepEvent
001459ac 00000008 b aptReceiveEvent
001459b4 00000008 b aptEvents
001459bc 00000004 b aptLockHandle
001459c0 00000004 b aptRefCount
001459c4 00000004 b cfguRefCount
001459c8 00000004 b cfguHandle
001459d0 00000080 b fsExemptArchives
00145a50 00000004 b fsuRefCount
00145a54 00000004 b fsuHandle
00145a58 00000007 b gspEventCbOneShot
00145a60 0000001c b gspEventCbData
00145a7c 0000001c b gspEventCb
00145a98 00000038 b gspEvents
00145ad0 00000004 b gspLastEvent
00145ad4 00000001 b gspRunEvents
00145ad8 00000004 b gspEventThread
00145adc 00000004 b gspEvent
00145ae0 00000001 b gspGpuRight
00145ae1 00000001 b gspThreadId
00145ae4 00000004 b gspSharedMem
00145ae8 00000004 b gspSharedMemHandle
00145aec 00000004 b gspRefCount
00145af0 00000004 b gspGpuHandle
00145af4 00000001 b usingIrrst
00145af8 00000004 b hidRefCount
00145afc 00000006 b gRate
00145b04 00000006 b aVec
00145b0c 00000004 b cPos
00145b10 00000004 b tPos
00145b14 00000004 b kRepeat
00145b18 00000004 b kUp
00145b1c 00000004 b kDown
00145b20 00000004 b kHeld
00145b24 00000004 b kOld
00145b28 00000004 B hidSharedMem
00145b2c 00000014 B hidEvents
00145b40 00000004 B hidMemHandle
00145b44 00000004 B hidHandle
00145b48 00000004 b irrstRefCount
00145b4c 00000004 b csPos
00145b50 00000004 b kHeld
00145b54 00000004 B irrstSharedMem
00145b58 00000004 B irrstEvent
00145b5c 00000004 B irrstMemHandle
00145b60 00000004 B irrstHandle
00145b64 00000004 b ptmSysmRefCount
00145b68 00000004 b ptmSysmHandle
00145b6c 00000004 V __ctru_linear_heap_size
00145b70 00000004 V __ctru_heap_size
00145b74 00000004 B __ctru_linear_heap
00145b78 00000004 B __ctru_heap
00145b7c 00000004 B __system_retAddr
00145b80 00000004 B __system_argv
00145b84 00000004 B __system_argc
00145b88 b saved_stack
00145b90 00000004 B __3dslink_host
00145b94 00000004 b srvRefCount
00145b98 00000004 b srvHandle
00145b9c 00000004 b arbiter
00145ba0 00000004 b currentAddr
00145ba4 00000004 b maxAddr
00145ba8 00000004 b minAddr
00145bac 00000004 b srvPmHandle
00145bb0 000005c0 b archive_devices
00146170 00000004 b archive_device_cwd
00146174 00000001 b archive_initialized
00146178 0000001c b (anonymous namespace)::emergency_pool
00146194 00000004 b init
00146198 00000001 B __eh_globals_init::_S_init
0014619c 0000000c b (anonymous namespace)::eh_globals
001461a8 00000004 b (anonymous namespace)::__new_handler
001461ac 00000010 V std::string::_Rep::_S_empty_rep_storage
001461bc 00000028 B __malloc_current_mallinfo
001461e4 00000004 B __malloc_max_total_mem
001461e8 00000004 B __malloc_max_sbrked_mem
001461ec 00000004 B __malloc_top_pad
001461f0 0000000c b __sfp_recursive_mutex
00146200 00000168 B __sf
00146368 00000004 B __stdio_exit_handler
0014636c 0000000c b __malloc_recursive_mutex
00146378 0000000c b __env_recursive_mutex
00146384 00000004 b initial_env
00146388 00000400 b temp_cwd
00146788 00000004 b __hndl_lock
0014678c 00000004 B fake_heap_start
00146790 00000004 B fake_heap_end
00146794 00000004 b heap_start.0
00146798 B __tls_start
001473a0 B __bss_end__
001473a0 A __end__
001473a0 B __tls_end
